# ============================================================
# Gaming Routing Pack
# Repository: amin-routing
# Format: Podkop Domain List
# ============================================================

##############################################################
# Microsoft / Xbox
##############################################################

##############################################################
# Sony / PlayStation
##############################################################

##############################################################
# Steam
##############################################################

##############################################################
# Epic Games
##############################################################

##############################################################
# EA
##############################################################

##############################################################
# Ubisoft
##############################################################

##############################################################
# Riot Games
##############################################################

##############################################################
# Blizzard
##############################################################

##############################################################
# Rockstar
##############################################################

##############################################################
# Embark Studios
##############################################################

##############################################################
# Nintendo
##############################################################

##############################################################
# FACEIT
##############################################################

##############################################################
# Easy Anti-Cheat
##############################################################

##############################################################
# BattlEye
##############################################################

##############################################################
# Amazon GameLift
##############################################################

##############################################################
# PlayFab
##############################################################

##############################################################
# Vivox
############################################################### Vivox
